// Jest Snapshot v1, https://goo.gl/fbAQLP

exports[`Timestamp renders as expected 1`] = `
ShallowWrapper {
  "length": 1,
  Symbol(enzyme.__root__): [Circular],
  Symbol(enzyme.__unrendered__): <Timestamp
    startChannel={[Function]}
    subscribeTimestamp={[Function]}
    ts={0}
  />,
  Symbol(enzyme.__renderer__): Object {
    "batchedUpdates": [Function],
    "getNode": [Function],
    "render": [Function],
    "simulateEvent": [Function],
    "unmount": [Function],
  },
  Symbol(enzyme.__node__): Object {
    "instance": null,
    "key": undefined,
    "nodeType": "host",
    "props": Object {
      "children": <span>
        timestamp: 
        0
      </span>,
    },
    "ref": null,
    "rendered": Object {
      "instance": null,
      "key": undefined,
      "nodeType": "host",
      "props": Object {
        "children": Array [
          "timestamp: ",
          0,
        ],
      },
      "ref": null,
      "rendered": Array [
        "timestamp: ",
        0,
      ],
      "type": "span",
    },
    "type": "div",
  },
  Symbol(enzyme.__nodes__): Array [
    Object {
      "instance": null,
      "key": undefined,
      "nodeType": "host",
      "props": Object {
        "children": <span>
          timestamp: 
          0
        </span>,
      },
      "ref": null,
      "rendered": Object {
        "instance": null,
        "key": undefined,
        "nodeType": "host",
        "props": Object {
          "children": Array [
            "timestamp: ",
            0,
          ],
        },
        "ref": null,
        "rendered": Array [
          "timestamp: ",
          0,
        ],
        "type": "span",
      },
      "type": "div",
    },
  ],
  Symbol(enzyme.__options__): Object {
    "adapter": ReactSixteenAdapter {
      "options": Object {
        "enableComponentDidUpdateOnSetState": true,
      },
    },
    "context": Object {
      "store": Object {
        "dispatch": [Function],
        "getAction": [Function],
        "getActions": [Function],
        "getState": [Function],
        "isActionDispatched": [Function],
        "isActionTypeDispatched": [Function],
        "subscribe": [Function],
      },
    },
  },
}
`;
