// Jest Snapshot v1, https://goo.gl/fbAQLP

exports[`MainMenu renders as expected 1`] = `
ShallowWrapper {
  "length": 1,
  Symbol(enzyme.__root__): [Circular],
  Symbol(enzyme.__unrendered__): <MainMenu
    dispatch={[Function]}
    isAuthenticated={false}
    isLoading={false}
  />,
  Symbol(enzyme.__renderer__): Object {
    "batchedUpdates": [Function],
    "getNode": [Function],
    "render": [Function],
    "simulateEvent": [Function],
    "unmount": [Function],
  },
  Symbol(enzyme.__node__): Object {
    "instance": null,
    "key": undefined,
    "nodeType": "host",
    "props": Object {
      "children": <nav>
        <ul>
          <li>
            <Link
              replace={false}
              to="/registration"
            >
              Registration
            </Link>
          </li>
          <li>
            <Link
              replace={false}
              to="/login"
            >
              Login
            </Link>
          </li>
        </ul>
      </nav>,
      "className": Object {
        "display": "flex",
        "justifyContent": "space-between",
        "listStyle": "none",
        "width": 300,
      },
    },
    "ref": null,
    "rendered": Object {
      "instance": null,
      "key": undefined,
      "nodeType": "host",
      "props": Object {
        "children": <ul>
          <li>
            <Link
              replace={false}
              to="/registration"
            >
              Registration
            </Link>
          </li>
          <li>
            <Link
              replace={false}
              to="/login"
            >
              Login
            </Link>
          </li>
        </ul>,
      },
      "ref": null,
      "rendered": Object {
        "instance": null,
        "key": undefined,
        "nodeType": "host",
        "props": Object {
          "children": Array [
            <li>
              <Link
                replace={false}
                to="/registration"
              >
                Registration
              </Link>
            </li>,
            <li>
              <Link
                replace={false}
                to="/login"
              >
                Login
              </Link>
            </li>,
          ],
        },
        "ref": null,
        "rendered": Array [
          Object {
            "instance": null,
            "key": "/registration",
            "nodeType": "host",
            "props": Object {
              "children": <Link
                replace={false}
                to="/registration"
              >
                Registration
              </Link>,
            },
            "ref": null,
            "rendered": Object {
              "instance": null,
              "key": undefined,
              "nodeType": "class",
              "props": Object {
                "children": "Registration",
                "replace": false,
                "to": "/registration",
              },
              "ref": null,
              "rendered": "Registration",
              "type": [Function],
            },
            "type": "li",
          },
          Object {
            "instance": null,
            "key": "/login",
            "nodeType": "host",
            "props": Object {
              "children": <Link
                replace={false}
                to="/login"
              >
                Login
              </Link>,
            },
            "ref": null,
            "rendered": Object {
              "instance": null,
              "key": undefined,
              "nodeType": "class",
              "props": Object {
                "children": "Login",
                "replace": false,
                "to": "/login",
              },
              "ref": null,
              "rendered": "Login",
              "type": [Function],
            },
            "type": "li",
          },
        ],
        "type": "ul",
      },
      "type": "nav",
    },
    "type": "header",
  },
  Symbol(enzyme.__nodes__): Array [
    Object {
      "instance": null,
      "key": undefined,
      "nodeType": "host",
      "props": Object {
        "children": <nav>
          <ul>
            <li>
              <Link
                replace={false}
                to="/registration"
              >
                Registration
              </Link>
            </li>
            <li>
              <Link
                replace={false}
                to="/login"
              >
                Login
              </Link>
            </li>
          </ul>
        </nav>,
        "className": Object {
          "display": "flex",
          "justifyContent": "space-between",
          "listStyle": "none",
          "width": 300,
        },
      },
      "ref": null,
      "rendered": Object {
        "instance": null,
        "key": undefined,
        "nodeType": "host",
        "props": Object {
          "children": <ul>
            <li>
              <Link
                replace={false}
                to="/registration"
              >
                Registration
              </Link>
            </li>
            <li>
              <Link
                replace={false}
                to="/login"
              >
                Login
              </Link>
            </li>
          </ul>,
        },
        "ref": null,
        "rendered": Object {
          "instance": null,
          "key": undefined,
          "nodeType": "host",
          "props": Object {
            "children": Array [
              <li>
                <Link
                  replace={false}
                  to="/registration"
                >
                  Registration
                </Link>
              </li>,
              <li>
                <Link
                  replace={false}
                  to="/login"
                >
                  Login
                </Link>
              </li>,
            ],
          },
          "ref": null,
          "rendered": Array [
            Object {
              "instance": null,
              "key": "/registration",
              "nodeType": "host",
              "props": Object {
                "children": <Link
                  replace={false}
                  to="/registration"
                >
                  Registration
                </Link>,
              },
              "ref": null,
              "rendered": Object {
                "instance": null,
                "key": undefined,
                "nodeType": "class",
                "props": Object {
                  "children": "Registration",
                  "replace": false,
                  "to": "/registration",
                },
                "ref": null,
                "rendered": "Registration",
                "type": [Function],
              },
              "type": "li",
            },
            Object {
              "instance": null,
              "key": "/login",
              "nodeType": "host",
              "props": Object {
                "children": <Link
                  replace={false}
                  to="/login"
                >
                  Login
                </Link>,
              },
              "ref": null,
              "rendered": Object {
                "instance": null,
                "key": undefined,
                "nodeType": "class",
                "props": Object {
                  "children": "Login",
                  "replace": false,
                  "to": "/login",
                },
                "ref": null,
                "rendered": "Login",
                "type": [Function],
              },
              "type": "li",
            },
          ],
          "type": "ul",
        },
        "type": "nav",
      },
      "type": "header",
    },
  ],
  Symbol(enzyme.__options__): Object {
    "adapter": ReactSixteenAdapter {
      "options": Object {
        "enableComponentDidUpdateOnSetState": true,
      },
    },
    "context": Object {
      "store": Object {
        "dispatch": [Function],
        "getAction": [Function],
        "getActions": [Function],
        "getState": [Function],
        "isActionDispatched": [Function],
        "isActionTypeDispatched": [Function],
        "subscribe": [Function],
      },
    },
  },
}
`;
